// Jest Snapshot v1, https://goo.gl/fbAQLP

exports[`renders correctly2 1`] = `
<div>
  <h2>
    Hello, Worlddddd
    
  </h2>
  <button
    onClick={[Function]}
  >
    Get More Excited!
  </button>
</div>
`;
